Xu, Xu, Xu, Xu, Xu, Xu, Xu, Xu, Ww, Ww, Xu, Ww, Ww, Xur, Xu, Xu, Xu, Xu, Xu, Xu, Xu, Xu
Xu, Cud, 2 Kud, Xur, Xur, Xu, Xur, Xu, Ww, Xu, Xu, Ww, Ww, Xur, Xu, Xu, Xur, Xu, Xu, Xu, Xu, Xu
Xu, Cud, Cud, Cud, Xur, Xu, Xur, Xu, Xu, Wwf^Bw\r, Uu, Wwf^Bw/r, Xu, Xu, Xu, Xur, 3 Kud, Xu, Xur, Xu, Xu, Xu
Xu, Uu, Uu, Uu, Xu, Xu, Xur, Xur, Xur, Uu^Dr, Uu, Ur, Xu, Xu, Xu, Cud, Cud, Cud, Uue^Qhu, Xur, Xu, Xu
Xu, Tb^Qhh, Tb^Qhh, Ur^Es, Uu, Uue, Uue, Xur, Xur, Uu^Dr, Uue^Qhu, Xu, Xu, Xur, Uue^Qhu, Uu, Uue^Qhu, Ur^Es, Uu^Qhh, Xu, Xu, Xu
Xu, Uu, Uu, Uue^Qhu, Uue^Qhu, Uu^Vu, Ur, Xu, Uu, Uue^Qhu, Uu, Xu, Xu, Uu^Dr, Tb^Emf, Uue^Qhu, Xu, Uue^Qhu, Uu, Xu, Xu, Xu
Xu, Uue^Qhu, Uue^Qhu, Qxu, Qxu, Tb^Em, Uu^Em, Ur, Ur, Uu, Uue^Qhu, Xu, Xu, Tb, Tb^Em, Xu, Xu, Uue^Qhu, Uue^Qhu, Uu^Vu, Xu, Xu
Xu, Ur, Uue^Qhu, Xu, Tb^Em, Uu^Qhu, Tb^Em, Tb^Em, Xu, Tb^Em, Uue^Qhu, Uue^Qhu, Uu^Em, Uu^Emf, Uu^Emf, Xu, Xu, Qxu, Uu^Emf, Uu^Em, Xur, Xur
Xu, Uu^Dr, Xu, Xu, Uu^Em, Uu^Qhu, Uu^Vu, Xu, Xu, Xu, Xu, Uu^Vu, Uu^Qhh, Ur^Em, Xu, Xu, Xu, Xu, Uue^Qhu, Uu^Em, Uu^Qhh, Xur
Xu, Xu, Xur, Xur, Uu^Es, Uu^Qhu, Xu, Xu, Xu, Xu, Xu, Uu^Dr, Uue^Qhu, Uu^Qhh, Xu, Xu, Xu, Xu, Qxu, Uue^Qhu, Uu, Xu
Xu, Xu, Xu, Uu^Qhu, Uu, Qxu, Qxu, Cud, Cud, Xu, Uue^Qhu, Uue^Qhu, Uue^Qhu, Ur^Es, Uue^Qhu, Xu, Ur^Qhh, Qxu, Ur^Qhh, Uue^Qhu, Uue^Qhu, Xu
Xu, Xu, Xu, Uu^Qhu, Uu^Qhu, Uu, Uu^Dr, Uu^Es, Uu^Es, Uu^Es, Uu^Es, Qxu, Uu^Vu, Uu, Uue^Qhu, Uu, Tb, Ur^Qhh, Tb, Uue^Qhu, Uu, Xu
Xu, Xu, Xu, Xu, Xu, Uu, Uu^Qhh, Uu^Qhh, Uue^Qhu, Uue^Qhu, Uue^Qhu, Ur^Es, Uu^Es, Uu^Es, Xu, Uue^Qhu, Uu^Dr, Cud, Cud, Uu^Vu, Xu, Xu
Xu, Xu, Xu, Xu, Xur, Xur, Xur, Xu, Xu, Xu, Qxu, Qxu, Qxu, Xu, Xu, Uue^Qhu, Ur, Cud, Xu, Xuc, Xuc, Xu
Xu, Xu, Xur, Xu, Xu, Xu, Xu, Xur, Xu, Xu, Xuc, Qxu, Xu, Xu, Xuc, Ur, Uu^Qhu, Qxu, Uu, Uue^Qhu, Uue^Qhu, Xuc
Xu, Xur, Xu, Xu, Xu, Xu, Xu, Xur, Xuc, Xuc, Xu, Xuc, Xuc, Xuc, Uu^Vu, Ur, Cud, Uu^Qhu, Ur, Qxu, Qxu, Xu
Xu, Xu, Xu, Xu, Xu, Xur, Xu, Xu, Xuc, Xuc, Ur, Uue^Qhu, Uu^Dr, Xuc, Uu, Uu^Dr, Tb^Emf, Uu^Qhu, Uu^Qhu, Ur, Ur^Qhu, Xu
Xu, Xu, Xu, Xu, Xu, Xur, Xu, Xuc, Uu^Vu, Tb, Uue^Qhu, Uue^Qhu, Urb, Uu^Dr, Uu, Uu^Dr, Xuc, Xu, Xu, Xuc, Tb, Xu
Xu, Xu, Xu, Xur, Xur, Xu, Xu, Xuc, Xuc, Urb, Cud, Uue^Qhu, Qxu, Ur, Uue^Qhu, Uu, Uu^Qhh, Xuc, Cud, Uu^Dr, Ur^Em, Xu
Xu, Xu, Xu, Xu, Xu, Xu, Xu, Xu, Xuc, Cud, 1 Kud, Cud, Xuc, Uue^Qhu, Uue^Qhu, Uu^Dr, Uu^Dr, Uu^Qhh, Ur, Uu^Dr, Uue^Qhu, Xu
Xu, Xu, Xu, Xu, Xu, Xu, Xu, Xu, Xuc, Cud, Hhd, Cud, Xuc, Ur, Ur, Uue^Qhu, Xu, Ur, Xu, Uue^Qhu, Xu, Xu
Xu, Xu, Xu, Xu, Xu, Xu, Xu, Xu, Xu, Xuc, Hh, Xuc, Xu, Xu, Xu, Xu, Xu, Xu, Xu, Xu, Xu, Xu
